src/controllers/FeedbackController.ts(15,37): error TS2339: Property 'feedback' does not exist on type 'PrismaClient<PrismaClientOptions, never, DefaultArgs>'.
src/controllers/FeedbackController.ts(31,38): error TS2339: Property 'feedback' does not exist on type 'PrismaClient<PrismaClientOptions, never, DefaultArgs>'.
src/controllers/MobileFeedbackController.ts(19,37): error TS2339: Property 'mobileFeedback' does not exist on type 'PrismaClient<PrismaClientOptions, never, DefaultArgs>'.
src/controllers/MobileFeedbackController.ts(36,38): error TS2339: Property 'mobileFeedback' does not exist on type 'PrismaClient<PrismaClientOptions, never, DefaultArgs>'.
